// Jest Snapshot v1, https://goo.gl/fbAQLP

exports[`[MaterialTopTab] navigator should renders without crashing 1`] = `
<View
  onLayout={[Function]}
  style={
    Array [
      Object {
        "flex": 1,
        "overflow": "hidden",
      },
      undefined,
    ]
  }
>
  <View
    onLayout={[Function]}
    style={
      Array [
        Object {
          "backgroundColor": "#2196f3",
          "elevation": 4,
          "shadowColor": "black",
          "shadowOffset": Object {
            "height": 0.5,
            "width": 0,
          },
          "shadowOpacity": 0.1,
          "shadowRadius": 0.5,
          "zIndex": 1,
        },
        Object {
          "backgroundColor": "blue",
        },
      ]
    }
  >
    <View
      pointerEvents="none"
      style={
        Array [
          Object {
            "bottom": 0,
            "left": 0,
            "position": "absolute",
            "right": 0,
            "top": 0,
          },
          null,
          null,
          undefined,
        ]
      }
    >
      <View
        style={
          Array [
            Object {
              "backgroundColor": "#ffeb3b",
              "bottom": 0,
              "height": 2,
              "left": 0,
              "position": "absolute",
              "right": 0,
            },
            Object {
              "width": "25%",
            },
            Object {
              "left": "0%",
            },
            null,
            undefined,
          ]
        }
      />
    </View>
    <View
      style={
        Object {
          "overflow": "scroll",
        }
      }
    >
      <RCTScrollView
        alwaysBounceHorizontal={false}
        automaticallyAdjustContentInsets={false}
        contentContainerStyle={
          Array [
            Object {
              "flexDirection": "row",
              "flexWrap": "nowrap",
            },
            Object {
              "flex": 1,
            },
            undefined,
          ]
        }
        horizontal={true}
        keyboardShouldPersistTaps="handled"
        overScrollMode="never"
        scrollEventThrottle={16}
        scrollsToTop={false}
        showsHorizontalScrollIndicator={false}
      >
        <View>
          <View
            accessibilityLabel="Screen1, tab, 1 of 4"
            accessibilityRole="button"
            accessibilityStates={
              Array [
                "selected",
              ]
            }
            accessible={true}
            focusable={true}
            isTVSelectable={true}
            onClick={[Function]}
            onResponderGrant={[Function]}
            onResponderMove={[Function]}
            onResponderRelease={[Function]}
            onResponderTerminate={[Function]}
            onResponderTerminationRequest={[Function]}
            onStartShouldSetResponder={[Function]}
            style={
              Object {
                "flex": 1,
                "opacity": 1,
              }
            }
          >
            <View
              pointerEvents="none"
              style={
                Array [
                  Object {
                    "alignItems": "center",
                    "flex": 1,
                    "justifyContent": "center",
                    "minHeight": 48,
                    "padding": 10,
                  },
                  undefined,
                ]
              }
            >
              <View>
                <View
                  style={
                    Object {
                      "opacity": undefined,
                    }
                  }
                >
                  <Text
                    allowFontScaling={true}
                    style={
                      Array [
                        Object {
                          "backgroundColor": "transparent",
                          "fontSize": 13,
                          "margin": 4,
                          "textAlign": "center",
                        },
                        Object {
                          "color": "rgba(255, 255, 255, 0.7)",
                        },
                        Object {
                          "fontSize": 12,
                        },
                      ]
                    }
                  >
                    SCREEN1
                  </Text>
                </View>
                <View
                  style={
                    Array [
                      Object {
                        "bottom": 0,
                        "left": 0,
                        "position": "absolute",
                        "right": 0,
                        "top": 0,
                      },
                      Object {
                        "opacity": undefined,
                      },
                    ]
                  }
                >
                  <Text
                    allowFontScaling={true}
                    style={
                      Array [
                        Object {
                          "backgroundColor": "transparent",
                          "fontSize": 13,
                          "margin": 4,
                          "textAlign": "center",
                        },
                        Object {
                          "color": "rgba(255, 255, 255, 1)",
                        },
                        Object {
                          "fontSize": 12,
                        },
                      ]
                    }
                  >
                    SCREEN1
                  </Text>
                </View>
              </View>
            </View>
          </View>
          <View
            accessibilityLabel="Screen2, tab, 2 of 4"
            accessibilityRole="button"
            accessibilityStates={Array []}
            accessible={true}
            focusable={true}
            isTVSelectable={true}
            onClick={[Function]}
            onResponderGrant={[Function]}
            onResponderMove={[Function]}
            onResponderRelease={[Function]}
            onResponderTerminate={[Function]}
            onResponderTerminationRequest={[Function]}
            onStartShouldSetResponder={[Function]}
            style={
              Object {
                "flex": 1,
                "opacity": 1,
              }
            }
          >
            <View
              pointerEvents="none"
              style={
                Array [
                  Object {
                    "alignItems": "center",
                    "flex": 1,
                    "justifyContent": "center",
                    "minHeight": 48,
                    "padding": 10,
                  },
                  undefined,
                ]
              }
            >
              <View>
                <View
                  style={
                    Object {
                      "opacity": undefined,
                    }
                  }
                >
                  <Text
                    allowFontScaling={true}
                    style={
                      Array [
                        Object {
                          "backgroundColor": "transparent",
                          "fontSize": 13,
                          "margin": 4,
                          "textAlign": "center",
                        },
                        Object {
                          "color": "rgba(255, 255, 255, 0.7)",
                        },
                        Object {
                          "fontSize": 12,
                        },
                      ]
                    }
                  >
                    SCREEN2
                  </Text>
                </View>
                <View
                  style={
                    Array [
                      Object {
                        "bottom": 0,
                        "left": 0,
                        "position": "absolute",
                        "right": 0,
                        "top": 0,
                      },
                      Object {
                        "opacity": undefined,
                      },
                    ]
                  }
                >
                  <Text
                    allowFontScaling={true}
                    style={
                      Array [
                        Object {
                          "backgroundColor": "transparent",
                          "fontSize": 13,
                          "margin": 4,
                          "textAlign": "center",
                        },
                        Object {
                          "color": "rgba(255, 255, 255, 1)",
                        },
                        Object {
                          "fontSize": 12,
                        },
                      ]
                    }
                  >
                    SCREEN2
                  </Text>
                </View>
              </View>
            </View>
          </View>
          <View
            accessibilityLabel="Screen3, tab, 3 of 4"
            accessibilityRole="button"
            accessibilityStates={Array []}
            accessible={true}
            focusable={true}
            isTVSelectable={true}
            onClick={[Function]}
            onResponderGrant={[Function]}
            onResponderMove={[Function]}
            onResponderRelease={[Function]}
            onResponderTerminate={[Function]}
            onResponderTerminationRequest={[Function]}
            onStartShouldSetResponder={[Function]}
            style={
              Object {
                "flex": 1,
                "opacity": 1,
              }
            }
          >
            <View
              pointerEvents="none"
              style={
                Array [
                  Object {
                    "alignItems": "center",
                    "flex": 1,
                    "justifyContent": "center",
                    "minHeight": 48,
                    "padding": 10,
                  },
                  undefined,
                ]
              }
            >
              <View>
                <View
                  style={
                    Object {
                      "opacity": undefined,
                    }
                  }
                >
                  <Text
                    allowFontScaling={true}
                    style={
                      Array [
                        Object {
                          "backgroundColor": "transparent",
                          "fontSize": 13,
                          "margin": 4,
                          "textAlign": "center",
                        },
                        Object {
                          "color": "rgba(255, 255, 255, 0.7)",
                        },
                        Object {
                          "fontSize": 12,
                        },
                      ]
                    }
                  >
                    SCREEN3
                  </Text>
                </View>
                <View
                  style={
                    Array [
                      Object {
                        "bottom": 0,
                        "left": 0,
                        "position": "absolute",
                        "right": 0,
                        "top": 0,
                      },
                      Object {
                        "opacity": undefined,
                      },
                    ]
                  }
                >
                  <Text
                    allowFontScaling={true}
                    style={
                      Array [
                        Object {
                          "backgroundColor": "transparent",
                          "fontSize": 13,
                          "margin": 4,
                          "textAlign": "center",
                        },
                        Object {
                          "color": "rgba(255, 255, 255, 1)",
                        },
                        Object {
                          "fontSize": 12,
                        },
                      ]
                    }
                  >
                    SCREEN3
                  </Text>
                </View>
              </View>
            </View>
          </View>
          <View
            accessibilityLabel="Custrom4, tab, 4 of 4"
            accessibilityRole="button"
            accessibilityStates={Array []}
            accessible={true}
            focusable={true}
            isTVSelectable={true}
            onClick={[Function]}
            onResponderGrant={[Function]}
            onResponderMove={[Function]}
            onResponderRelease={[Function]}
            onResponderTerminate={[Function]}
            onResponderTerminationRequest={[Function]}
            onStartShouldSetResponder={[Function]}
            style={
              Object {
                "flex": 1,
                "opacity": 1,
              }
            }
          >
            <View
              pointerEvents="none"
              style={
                Array [
                  Object {
                    "alignItems": "center",
                    "flex": 1,
                    "justifyContent": "center",
                    "minHeight": 48,
                    "padding": 10,
                  },
                  undefined,
                ]
              }
            >
              <View>
                <View
                  style={
                    Object {
                      "opacity": undefined,
                    }
                  }
                >
                  <Text
                    allowFontScaling={true}
                    style={
                      Array [
                        Object {
                          "backgroundColor": "transparent",
                          "fontSize": 13,
                          "margin": 4,
                          "textAlign": "center",
                        },
                        Object {
                          "color": "rgba(255, 255, 255, 0.7)",
                        },
                        Object {
                          "fontSize": 12,
                        },
                      ]
                    }
                  >
                    CUSTROM4
                  </Text>
                </View>
                <View
                  style={
                    Array [
                      Object {
                        "bottom": 0,
                        "left": 0,
                        "position": "absolute",
                        "right": 0,
                        "top": 0,
                      },
                      Object {
                        "opacity": undefined,
                      },
                    ]
                  }
                >
                  <Text
                    allowFontScaling={true}
                    style={
                      Array [
                        Object {
                          "backgroundColor": "transparent",
                          "fontSize": 13,
                          "margin": 4,
                          "textAlign": "center",
                        },
                        Object {
                          "color": "rgba(255, 255, 255, 1)",
                        },
                        Object {
                          "fontSize": 12,
                        },
                      ]
                    }
                  >
                    CUSTROM4
                  </Text>
                </View>
              </View>
            </View>
          </View>
        </View>
      </RCTScrollView>
    </View>
  </View>
  <View
    collapsable={false}
    onGestureHandlerEvent={[Function]}
    onGestureHandlerStateChange={[Function]}
    removeClippedSubviews={false}
    style={
      Array [
        Object {
          "flex": 1,
          "flexDirection": "row",
        },
        null,
      ]
    }
  >
    <View
      accessibilityElementsHidden={false}
      importantForAccessibility="auto"
      style={
        Array [
          Object {
            "flex": 1,
            "overflow": "hidden",
          },
          Object {
            "bottom": 0,
            "left": 0,
            "position": "absolute",
            "right": 0,
            "top": 0,
          },
          undefined,
        ]
      }
    >
      <View
        style={
          Array [
            Object {
              "alignItems": "center",
              "backgroundColor": "orange",
              "flexBasis": 0,
              "flexDirection": "column",
              "flexGrow": 1,
              "flexShrink": 1,
              "justifyContent": "center",
            },
          ]
        }
      >
        <Text
          style={
            Array [
              Object {
                "color": "blue",
                "fontSize": 16,
                "marginBottom": 8,
              },
            ]
          }
          testID="myText"
        >
          Screen 1
        </Text>
        <View
          accessible={true}
          focusable={true}
          isTVSelectable={true}
          onClick={[Function]}
          onResponderGrant={[Function]}
          onResponderMove={[Function]}
          onResponderRelease={[Function]}
          onResponderTerminate={[Function]}
          onResponderTerminationRequest={[Function]}
          onStartShouldSetResponder={[Function]}
          style={
            Object {
              "opacity": 1,
            }
          }
          testID="btn3"
        >
          <View
            style={
              Array [
                Object {
                  "alignItems": "center",
                  "alignSelf": "center",
                  "backgroundColor": "#069ccd",
                  "borderColor": "#069ccd",
                  "borderRadius": 4,
                  "borderWidth": 2,
                  "height": 52,
                  "justifyContent": "center",
                  "width": 320,
                },
              ]
            }
          >
            <Text
              style={
                Array [
                  Object {
                    "color": "white",
                    "fontSize": 14,
                  },
                ]
              }
            >
              Navigate to screen2
            </Text>
          </View>
        </View>
      </View>
    </View>
    <View
      accessibilityElementsHidden={true}
      importantForAccessibility="no-hide-descendants"
      style={
        Array [
          Object {
            "flex": 1,
            "overflow": "hidden",
          },
          null,
          undefined,
        ]
      }
    />
    <View
      accessibilityElementsHidden={true}
      importantForAccessibility="no-hide-descendants"
      style={
        Array [
          Object {
            "flex": 1,
            "overflow": "hidden",
          },
          null,
          undefined,
        ]
      }
    />
    <View
      accessibilityElementsHidden={true}
      importantForAccessibility="no-hide-descendants"
      style={
        Array [
          Object {
            "flex": 1,
            "overflow": "hidden",
          },
          null,
          undefined,
        ]
      }
    />
  </View>
</View>
`;
