// Jest Snapshot v1, https://goo.gl/fbAQLP

exports[`[Switch] navigator should renders without crashing 1`] = `
<RNSScreenStack
  style={
    Object {
      "flex": 1,
    }
  }
>
  <RNSScreen
    onDismissed={[Function]}
    stackPresentation="push"
    style={
      Object {
        "bottom": 0,
        "left": 0,
        "position": "absolute",
        "right": 0,
        "top": 0,
      }
    }
  >
    <RNSScreenStackHeaderConfig
      backgroundColor="white"
      color="#333333"
      gestureEnabled={true}
      hidden={false}
      title="Intro"
      titleColor="black"
      translucent={false}
    />
    <View
      style={
        Array [
          Object {
            "backgroundColor": "#eee",
            "flex": 1,
          },
          undefined,
        ]
      }
    >
      <View
        style={
          Array [
            Object {
              "alignItems": "center",
              "alignSelf": "stretch",
              "backgroundColor": "white",
              "flexBasis": 0,
              "flexDirection": "column",
              "flexGrow": 1,
              "flexShrink": 1,
              "justifyContent": "flex-start",
              "overflow": "hidden",
            },
          ]
        }
      >
        <View
          style={
            Array [
              Object {
                "alignSelf": "center",
                "bottom": 40,
                "flexDirection": "column",
                "position": "absolute",
                "width": "85%",
              },
            ]
          }
        >
          <View
            style={
              Object {
                "marginTop": 8,
              }
            }
          />
          <View
            accessible={true}
            focusable={true}
            isTVSelectable={true}
            onClick={[Function]}
            onResponderGrant={[Function]}
            onResponderMove={[Function]}
            onResponderRelease={[Function]}
            onResponderTerminate={[Function]}
            onResponderTerminationRequest={[Function]}
            onStartShouldSetResponder={[Function]}
            style={
              Object {
                "opacity": 1,
              }
            }
            testID="btnStack"
          >
            <View
              style={
                Array [
                  Object {
                    "alignItems": "center",
                    "alignSelf": "center",
                    "backgroundColor": "#069ccd",
                    "borderColor": "#069ccd",
                    "borderRadius": 4,
                    "borderWidth": 2,
                    "height": 52,
                    "justifyContent": "center",
                    "width": 320,
                  },
                  Object {
                    "marginBottom": 8,
                  },
                ]
              }
            >
              <Text
                style={
                  Array [
                    Object {
                      "color": "white",
                      "fontSize": 14,
                    },
                  ]
                }
              >
                Stack Navigator
              </Text>
            </View>
          </View>
          <View
            accessible={true}
            focusable={true}
            isTVSelectable={true}
            onClick={[Function]}
            onResponderGrant={[Function]}
            onResponderMove={[Function]}
            onResponderRelease={[Function]}
            onResponderTerminate={[Function]}
            onResponderTerminationRequest={[Function]}
            onStartShouldSetResponder={[Function]}
            style={
              Object {
                "opacity": 1,
              }
            }
            testID="btnDrawer"
          >
            <View
              style={
                Array [
                  Object {
                    "alignItems": "center",
                    "alignSelf": "center",
                    "backgroundColor": "#069ccd",
                    "borderColor": "#069ccd",
                    "borderRadius": 4,
                    "borderWidth": 2,
                    "height": 52,
                    "justifyContent": "center",
                    "width": 320,
                  },
                  Object {
                    "marginBottom": 8,
                  },
                ]
              }
            >
              <Text
                style={
                  Array [
                    Object {
                      "color": "white",
                      "fontSize": 14,
                    },
                  ]
                }
              >
                Drawer Navigator
              </Text>
            </View>
          </View>
          <View
            accessible={true}
            focusable={true}
            isTVSelectable={true}
            onClick={[Function]}
            onResponderGrant={[Function]}
            onResponderMove={[Function]}
            onResponderRelease={[Function]}
            onResponderTerminate={[Function]}
            onResponderTerminationRequest={[Function]}
            onStartShouldSetResponder={[Function]}
            style={
              Object {
                "opacity": 1,
              }
            }
            testID="btnTabs"
          >
            <View
              style={
                Array [
                  Object {
                    "alignItems": "center",
                    "alignSelf": "center",
                    "backgroundColor": "#069ccd",
                    "borderColor": "#069ccd",
                    "borderRadius": 4,
                    "borderWidth": 2,
                    "height": 52,
                    "justifyContent": "center",
                    "width": 320,
                  },
                  Object {
                    "marginBottom": 8,
                  },
                ]
              }
            >
              <Text
                style={
                  Array [
                    Object {
                      "color": "white",
                      "fontSize": 14,
                    },
                  ]
                }
              >
                BottomTab Navigator
              </Text>
            </View>
          </View>
          <View
            accessible={true}
            focusable={true}
            isTVSelectable={true}
            onClick={[Function]}
            onResponderGrant={[Function]}
            onResponderMove={[Function]}
            onResponderRelease={[Function]}
            onResponderTerminate={[Function]}
            onResponderTerminationRequest={[Function]}
            onStartShouldSetResponder={[Function]}
            style={
              Object {
                "opacity": 1,
              }
            }
            testID="btnTabs"
          >
            <View
              style={
                Array [
                  Object {
                    "alignItems": "center",
                    "alignSelf": "center",
                    "backgroundColor": "#069ccd",
                    "borderColor": "#069ccd",
                    "borderRadius": 4,
                    "borderWidth": 2,
                    "height": 52,
                    "justifyContent": "center",
                    "width": 320,
                  },
                  Object {
                    "marginBottom": 8,
                  },
                ]
              }
            >
              <Text
                style={
                  Array [
                    Object {
                      "color": "white",
                      "fontSize": 14,
                    },
                  ]
                }
              >
                MaterialTopTab Navigator
              </Text>
            </View>
          </View>
          <View
            accessible={true}
            focusable={true}
            isTVSelectable={true}
            onClick={[Function]}
            onResponderGrant={[Function]}
            onResponderMove={[Function]}
            onResponderRelease={[Function]}
            onResponderTerminate={[Function]}
            onResponderTerminationRequest={[Function]}
            onStartShouldSetResponder={[Function]}
            style={
              Object {
                "opacity": 1,
              }
            }
            testID="btnTabs"
          >
            <View
              style={
                Array [
                  Object {
                    "alignItems": "center",
                    "alignSelf": "center",
                    "backgroundColor": "#069ccd",
                    "borderColor": "#069ccd",
                    "borderRadius": 4,
                    "borderWidth": 2,
                    "height": 52,
                    "justifyContent": "center",
                    "width": 320,
                  },
                  Object {
                    "marginBottom": 8,
                  },
                ]
              }
            >
              <Text
                style={
                  Array [
                    Object {
                      "color": "white",
                      "fontSize": 14,
                    },
                  ]
                }
              >
                MaterialBottomTab Navigator
              </Text>
            </View>
          </View>
        </View>
      </View>
    </View>
  </RNSScreen>
</RNSScreenStack>
`;
